
[1m[46m RUN [49m[22m [36mv4.0.17 [39m[90mD:/Clinic[39m

 [31mΓ¥»[39m src/app/pages/offers/offers.spec.ts [2m([22m[2m7 tests[22m[2m | [22m[31m7 failed[39m[2m)[22m[32m 6[2mms[22m[39m
[31m     [31m├ù[31m loads offers and services on init[39m[32m 4[2mms[22m[39m
[31m     [31m├ù[31m adds default benefit when none provided on create[39m[32m 1[2mms[22m[39m
[31m     [31m├ù[31m rejects save when name missing[39m[32m 0[2mms[22m[39m
[31m     [31m├ù[31m updates offer when in edit mode[39m[32m 0[2mms[22m[39m
[31m     [31m├ù[31m toggles status and toasts on success[39m[32m 0[2mms[22m[39m
[31m     [31m├ù[31m reverts status and shows error on failure[39m[32m 0[2mms[22m[39m
[31m     [31m├ù[31m deletes offer after confirmation[39m[32m 0[2mms[22m[39m

[2m Test Files [22m [1m[31m1 failed[39m[22m[90m (1)[39m
[2m      Tests [22m [1m[31m7 failed[39m[22m[90m (7)[39m
[2m   Start at [22m 21:39:37
[2m   Duration [22m 1.02s[2m (transform 236ms, setup 0ms, import 819ms, tests 6ms, environment 0ms)[22m

